0x2
(Node.Whitespace "\n")
2
(Node.Whitespace "\n")
.2
(Node.Whitespace "\n")
2.
(Node.Whitespace "\n")
2.e2
(Node.Whitespace "\n")
2...3
(Node.Whitespace "\n")
end of file
