local function e(t,...)print(string.format(t,...))end local a,o={},1for
i=1,10do
e("Hello",i*2)end