local e e=0 e=0.,.0,0.0 e=0. .. .0 e=- -2 e=2 and 2 do local e=0 end
e="hello"e='hello'e=[[hello]]e=e[
[[hello]]]