duplicate.sexp[2:1-2:9]: Multiple definitions of "pet"