unknown_field.sexp[1:1-1:13]: Unexpected key "unknown"