arg_arg.lua:[3:17-3:20]: Argument named "arg". [var:arg-arg]
   │
 3 │ local function f(arg, arg) end
   │                  ^^^
arg_arg.lua:[3:22-3:25]: Argument named "arg". [var:arg-arg]
   │
 3 │ local function f(arg, arg) end
   │                       ^^^
No errors and 2 warnings
