bracket_space_space.lua:[3:11-3:14]: Inconsistent spacing [format:bracket-space]
Should have spaces within the brackets.
   │
 3 │ local _ = { 1}, {1 }, {1}, { 1 }
   │           ^^^^
bracket_space_space.lua:[3:17-3:20]: Inconsistent spacing [format:bracket-space]
Should have spaces within the brackets.
   │
 3 │ local _ = { 1}, {1 }, {1}, { 1 }
   │                 ^^^^
bracket_space_space.lua:[3:23-3:25]: Inconsistent spacing [format:bracket-space]
Should have spaces within the brackets.
   │
 3 │ local _ = { 1}, {1 }, {1}, { 1 }
   │                       ^^^
No errors and 3 warnings
 -- config: (lint (only format:bracket-space) (bracket-spaces (table space)))
 
-local _ = { 1}, {1 }, {1}, { 1 }
+local _ = { 1 }, { 1 }, { 1 }, { 1 }
 
