doc_module_kind.lua:[5:5-5:11]: Unknown module kind "kind2" [doc:unknown-module-kind]
   │
 5 │ --- @module[kind=kind2]
   │     ^^^^^^^
1 errors and 0 warnings
