doc_parse.lua:[3:0-7:13]: Duplicate @module definitions (named 'foo' and '') [doc:duplicate-definitions]
   │
 3 │ --- A module
   │ ^^^^^^^^^^^^
doc_parse.lua:[3:0-7:13]: @module has unknown flag 'x' [doc:unknown-flag]
   │
 3 │ --- A module
   │ ^^^^^^^^^^^^
doc_parse.lua:[3:0-7:13]: Duplicate @module definitions (named 'foo' and 'bar') [doc:duplicate-definitions]
   │
 3 │ --- A module
   │ ^^^^^^^^^^^^
3 errors and 0 warnings
