invalid_break.lua:[3:1-3:5]: Using `break` outside a loop [syntax:invalid-break]
   │
 3 │ break
   │ ^^^^^
invalid_break.lua:[9:5-9:9]: Using `break` outside a loop [syntax:invalid-break]
   │
 9 │     break
   │     ^^^^^
2 errors and 0 warnings
