lint_malformed_example.lua:[31:1-31:33]: Cannot parse example [doc:malformed-example]

  =input:[1:5-1:10]: Unexpected `fenced`: Unexpected token after variable. [parse:syntax-error]
     │
   1 │ Lua fenced code block
     │     ^^^^^^
  
    │
 31 │ function x.description_fail() end
    │ ^^^^^^^^^^^^^^^^^^^^^^^^^^^^^^^^^
lint_malformed_example.lua:[40:1-40:22]: Cannot parse example [doc:malformed-example]

  =input:[1:10-1:11]: Unexpected `in`: Unexpected token after variable. [parse:syntax-error]
     │
   1 │ Indented in example
     │          ^^
  
    │
 40 │ function x.usage() end
    │ ^^^^^^^^^^^^^^^^^^^^^^
lint_malformed_example.lua:[40:1-40:22]: Cannot parse example [doc:malformed-example]

  =input:[1:8-1:9]: Unexpected `in`: Unexpected token after variable. [parse:syntax-error]
     │
   1 │ Fenced in example
     │        ^^
  
    │
 40 │ function x.usage() end
    │ ^^^^^^^^^^^^^^^^^^^^^^
lint_malformed_example.lua:[40:1-40:22]: Cannot parse example [doc:malformed-example]

  =input:[1:7-1:7]: Unexpected `-`: Unexpected token after variable. [parse:syntax-error]
     │
   1 │ Single-line usage
     │       ^
  
    │
 40 │ function x.usage() end
    │ ^^^^^^^^^^^^^^^^^^^^^^
No errors and 4 warnings
