parens.clarify.lua:[3:10-3:17]: Unnecessary parenthesis. [syntax:redundant-parens]
   │
3  │ local _ = (2 + 2)
   │           ^^^^^^^
parens.clarify.lua:[12:10-12:19]: Unnecessary parenthesis. [syntax:redundant-parens]
    │
12  │ local _ = ((2 + 2)) * 2
    │           ^^^^^^^^^
parens.clarify.lua:[13:14-13:23]: Unnecessary parenthesis. [syntax:redundant-parens]
    │
13  │ local _ = 2 + ((2 * 2))
    │               ^^^^^^^^^
parens.clarify.lua:[14:14-14:23]: Unnecessary parenthesis. [syntax:redundant-parens]
    │
14  │ local _ = 2 + ((2 + 2))
    │               ^^^^^^^^^
parens.clarify.lua:[15:10-15:19]: Unnecessary parenthesis. [syntax:redundant-parens]
    │
15  │ local _ = ((2 + 2)) + 2
    │           ^^^^^^^^^
Compilation succeeded with 5 warnings
@@ -1,6 +1,6 @@
 -- config: (lint (only (syntax:redundant-parens)) (allow-clarifying-parens true))
 
-local _ = (2 + 2)
+local _ = 2 + 2
 local _ = (2 + 2)() -- ok
 local _ = (2 + 2)[1] -- ok
 
@@ -9,8 +9,8 @@
 local _ = 2 + (2 + 2) -- ok
 local _ = (2 + 2) + 2 -- ok
 
-local _ = ((2 + 2)) * 2
-local _ = 2 + ((2 * 2))
-local _ = 2 + ((2 + 2))
-local _ = ((2 + 2)) + 2
+local _ = (2 + 2) * 2
+local _ = 2 + (2 * 2)
+local _ = 2 + (2 + 2)
+local _ = (2 + 2) + 2
 
