set_global_function.lua:[2:1-2:17]: Setting unknown global function "f". [var:set-global]
   │
 2 │ function f() end
   │ ^^^^^^^^^^^^^^^^
No errors and 1 warnings
