string_quote_single.lua:[3:7-3:11]: String should use single quotes ('\'') [format:string-quote]
   │
 3 │ print("foo", 'foo', [[foo]])
   │       ^^^^^
string_quote_single.lua:[4:7-4:15]: String should use single quotes ('\'') [format:string-quote]
   │
 4 │ print("'\n\"\'", '"\n\"\'', [[
   │       ^^^^^^^^^
No errors and 2 warnings
 -- config: (lint (only format:string-quote) (quote single))
 
-print("foo", 'foo', [[foo]])
-print("'\n\"\'", '"\n\"\'', [[
+print('foo', 'foo', [[foo]])
+print('\'\n\"\'', '"\n\"\'', [[
 "']])
 
