string_escape.lua:[7:5-7:6]: Unknown escape character '\('. [syntax:string-escape]
   │
 7 │   "a\(b",
   │     ^^
string_escape.lua:[14:5-14:6]: Unknown escape character '\('. [syntax:string-escape]
    │
 14 │   'a\(b',
    │     ^^
2 errors and 0 warnings
