trailing_table.lua:[10:3-10:4]: Expected trailing "," on multiline table [syntax:table-trailing]
    │
 10 │   0
    │   ^
trailing_table.lua:[13:14-13:15]: Unexpected trailing "," on single line table [syntax:table-trailing]
    │
 13 │ local _ = { 0, }
    │              ^
No errors and 2 warnings
@@ -7,8 +7,8 @@
 }
 
 local _ = {
-  0
+  0,
 }
 
-local _ = { 0, }
+local _ = { 0 }
 
