undocumented.lua:[6:13-6:14]: Type 'Foo' is exported, but has no documentation. [doc:undocumented]
   │
 6 │ local Foo = {}
   │             ^^
undocumented.lua:[11:13-11:26]: `no_docs` is exported, but has no documentation. [doc:undocumented]
    │
 11 │   no_docs = function() end, -- This doesn't
    │             ^^^^^^^^^^^^^^
undocumented.lua:[14:13-14:30]: Argument `b` is missing a description [doc:undocumented-arg]
    │
 14 │   no_args = function(a, b) end,
    │             ^^^^^^^^^^^^^^^^^^
undocumented.lua:[14:13-14:30]: Argument `a` is missing a description [doc:undocumented-arg]
    │
 14 │   no_args = function(a, b) end,
    │             ^^^^^^^^^^^^^^^^^^
undocumented.lua:[19:17-19:34]: Argument `b` is missing a description [doc:undocumented-arg]
    │
 19 │   no_arg_desc = function(a, b) end,
    │                 ^^^^^^^^^^^^^^^^^^
No errors and 5 warnings
