undocumented_module.lua:[3:8-3:8]: Module is missing documentation [doc:undocumented]
   │
 3 │ return 0
   │        ^
No errors and 1 warnings
