unknown_global.lua:[6:13-6:13]: Using unknown global "c" [var:unknown-global]
   │
 6 │ print(a, b, c, c_module)
   │             ^
unknown_global.lua:[12:7-12:10]: Using unknown global "self" [var:unknown-global]
    │
 12 │ print(self) -- not ok
    │       ^^^^
No errors and 2 warnings
