unused_var.lua:[2:9-2:10]: Unused variable "y". [var:unused]
   │
 2 │ local x, y, z, _ = 0, 0, 0
   │          ^
unused_var.lua:[5:0-5:1]: Unused variable "y". [var:unused]
   │
 5 │ y = 0
   │ ^
Compilation succeeded with 2 warnings
@@ -1,8 +1,8 @@
 -- config: (lint (only (var:unused)))
-local x, y, z, _ = 0, 0, 0
+local x, _, z, _ = 0, 0, 0
 print(x)
 
-y = 0
+_ = 0
 z[0] = 0
 
 -- FIXME: y = 0 should not warn for unused var (unused val? Sure)
