((source function.lua[1:1-9:20])
 (description "This is a short description\n\n")
 (args (arg (name c) (description "A second argument set\n\n")))
 (args (arg (name a) (description "Has no type\n\n"))
  (arg (name b) (type number) (description "Has a type\n\n")))
 (returns (return (type number) (many) (description "Lots of me\n\n")))
 (returns (return (description "Another return set\n\n")))
 (returns (return (description "Some thing\n\n"))
  (return (type number) (description "A number\n\n")))
 (throws "A problem\n\n"))
