((source no-trailing.md[1:1-1:21]) (description "No trailing new line!\n\n"))
