((source source.lua[1:1-1:23])
 (custom-source (path foo/bar) (start_line 23) (end_line 23)))
((source source.lua[3:1-3:20])
 (custom-source (path /foo/bar) (start_line 1) (end_line 1)))
